connection_options: {}
data:
  simulate_all_data: simulate_all_data
hostname: null
password: null
platform: null
port: null
username: null
