eric_eccli:
  connection_options: {}
  data:
    ntp_mode:
      servers:
        - server_choice: 1.1.1.1
          version: 3
          source: management
        - server_choice: 2.2.2.2
          version: 3
          source: management
        - server_choice: 3.3.3.3
          version: 3
          source: management
  groups: []
  hostname: null
  password: null
  platform: null
  port: null
  username: null
iosxr:
  connection_options: {}
  data:
    simulate_iosxr_data: simulate_iosxr_data 
  groups: []
  hostname: null
  password: null
  platform: null
  port: null
  username: null
